// Jest Snapshot v1, https://goo.gl/fbAQLP

exports[`<Auth /> should render 1`] = `
<View
  style={
    Object {
      "alignItems": "center",
      "flex": 1,
      "justifyContent": "center",
    }
  }
>
  <SignUp
    handleSignUp={[Function]}
    setConfirmPassword={[Function]}
    setEmail={[Function]}
    setPassword={[Function]}
  />
  <SignIn
    handleSignIn={[Function]}
    setEmail={[Function]}
    setPassword={[Function]}
  />
  <VerifyModal
    handleConfirmationCode={[Function]}
    modalVisible={false}
    setConfirmationCode={[Function]}
  />
</View>
`;
