// Jest Snapshot v1, https://goo.gl/fbAQLP

exports[`<SignIn /> should render 1`] = `
<Fragment>
  <Input
    label="Email"
    leftIcon={
      Object {
        "name": "envelope",
        "type": "font-awesome",
      }
    }
    onChangeText={[Function]}
    placeholder="my@email.com"
  />
  <Input
    label="Password"
    leftIcon={
      Object {
        "name": "lock",
        "type": "font-awesome",
      }
    }
    onChangeText={[Function]}
    placeholder="p@ssw0rd123"
    secureTextEntry={true}
  />
  <Button
    onPress={[MockFunction]}
    title="Submit"
  />
</Fragment>
`;
